
> base-mini@0.1.0 build
> next build

node.exe : 
[baseline-browser-mapping] 
The data in this module is 
over two months old.  To 
ensure accurate Baseline 
data, please update: `npm i ba
seline-browser-mapping@latest 
-D`
At line:1 char:1
+ & "C:\Program 
Files\nodejs/node.exe" 
"C:\Users\FINE 
COMPUTERS\AppData ...
+ ~~~~~~~~~~~~~~~~~~~~~~~~~~~~
~~~~~~~~~~~~~~~~~~~~~~~~~~~~~~
~~~~~~~~~~~
    + CategoryInfo          : 
    NotSpecified: ([baseline  
  -brows...ping@latest -D`:   
 String) [], RemoteExcepti    
on
    + FullyQualifiedErrorId : 
    NativeCommandError
 
Γû▓ Next.js 16.1.6 (Turbopack)
- Environments: .env.local

  Creating an optimized production build ...
[baseline-browser-mapping] 
The data in this module is 
over two months old.  To 
ensure accurate Baseline 
data, please update: `npm i ba
seline-browser-mapping@latest 
-D`

thread 'tokio-runtime-worker' 
(2532) panicked at C:\actions-
runner\_work\next.js\next.js\t
urbopack\crates\turbo-tasks\sr
c\spawn.rs:64:23:
OS can't spawn worker thread: 
The paging file is too small 
for this operation to 
complete. (os error 1455)
note: run with 
`RUST_BACKTRACE=1` 
environment variable to 
display a backtrace
